recover: 103 rows
[1] NOT FOUND | 12 Urban Cafe - Breakfast & Dinner | Mov
[2] FOUND Khao Canggu, Jl. Padang Linjong, Ca | KHAO Canggu
[3] FOUND Cantina Classe, Canggu | Cantina Classe Italian Restaurant Canggu
[4] FOUND Openhouse Cafe, Canggu | Alchemy Canggu
[5] FOUND Te Amo, Canggu - Pizza, Pasta, Sala | Te'amo
[6] FOUND Beach Boy, Canggu | Beach Boy Canggu
[7] FOUND Openhouse Cafe, Canggu | SILK RESTAURANT Canggu
[8] FOUND Openhouse Cafe, Canggu | Twin Tide Eatery
[9] FOUND Rice Republic Bali, Canggu | Rice Republic Canggu
[10] FOUND Warung Mak Amy, Jl Karang Suwung | 12 Kitchen and Wine / Restaurant & Wine 
[11] FOUND Deli Kitchen Batu Bolong, Canggu | Dolan Restaurant & Park
[12] FOUND La Baracca - Pasta, Pizza, Meat, Fi | La Baracca
[13] FOUND Margaret Bistro, Canggu | Lulu Bistrot French Restaurant Cocktail 
[14] FOUND Mie Gacoan, Canggu | Sa'Mesa Canggu
[15] FOUND RAW Cafe Canggu | Dian Cafe
[16] FOUND Bokashi Berawa, Canggu | Watercress Berawa
[17] NOT FOUND | PARS Cafe Bali | Coffee Shop | Breakfast
[18] FOUND Canggu Hype Cafe, Pantai Berawa | nüde cafe Berawa
[19] FOUND La Baracca - Pasta, Pizza, Meat, Fi | The Meat Emporium
[20] FOUND Mowies Berawa, Canggu | Mowies Bali
[21] FOUND Uma Rasa Warung | Uma Garden Bali
[22] NOT FOUND | Susu Kambing Segar
[23] NOT FOUND | Pels (Peloton) Supershop (Canggu)
[24] FOUND Open Breakfast, Canggu | The Avocado Factory
[25] FOUND Dope Steak House Steak, Ribs & Curr | Steak nelayan n Bali coffee
[26] NOT FOUND | Susu Kambing Segar - Araca Milk, Kerobok
[27] FOUND Openhouse Cafe, Canggu | Le Flores Burger Berawa Pantai Berawa
[28] FOUND Red Bean Berawa, Jl.Pantai Berawa,  | Berawa Canai Pantai Berawa
[29] FOUND Ayam Bakar On Berawa, Tibubeneng | Bebek On Berawa Canggu
[30] FOUND RAW Cafe Canggu | Driftwood Cafe Lounge Pantai Berawa Cang
[31] FOUND MR. EGG - Breakfast, Eggs, Burgers, | Mr Egg Breakfast Burgers Coffee Juice Pa
[32] FOUND Waroeng Sushi, Canggu | Sushi Surf Berawa Kerobokan
[33] FOUND Warung Arthayasa, gang melati,Banja | Casa Pizza Corner Jln Raya Canggu No 165
[34] FOUND Nanu Coffee & Eatery, Padonan | Nuansa Coffee Canggu
[35] FOUND Warung Kenanga Chinese Food, Berawa | Mywarung Berawa Canggu
[36] NOT FOUND | Warung Lao Umalas 2
[37] FOUND MACHINERY Cafe, SANUR | Machinery Cafe Bali Pantai Batu Bolong
[38] FOUND Warung 8 Cab. Kerobokan | Warung 8 Cab Kerobokan
[39] FOUND LOLITA BALI, Jln Bumbak Umalas Cang | Warung Ibuk Luh Tu Umalas
[40] NOT FOUND | Warung Mokoh Umalas
recover v2: 63 rows
[41] FOUND Warung Bu Mi, Pantai Batu Bolong | Warung Bu Mi Pantai Batu Bolong
[42] FOUND KANVAZ PATISSERIE | Vincent Nigita Patisserie Kerobokan
[43] FOUND RAW Cafe Canggu | Daria Cafe Pererenan Breakfast
[44] NOT FOUND | Canton Chinese Food Kerobokan
[45] FOUND Cook & Baker by Aurora (Bakery), | Siti S Kitchen Canggu
[46] FOUND Nasi Tempong Aroma Kuliner, Cang | Pakai Cinta Asian Food Rice Bowl Pasta
[47] FOUND Warung 8 Cab. Kerobokan | Warung 8 Kerobokan
[48] FOUND Wid's Kitchen, Canggu | Wid S Kitchen Canggu
[49] FOUND The Ganggu Coffee & Eatery (Ex T | The Garden Eatery Kerobokan
[50] FOUND Cocomo Canggu, Pantai Batu Bolon | Canggu Cafe Pantai Batu Bolong
[51] FOUND Scrummy Cafe & Bakery, Kerobokan | Scrummy Cafe Umalas
[52] FOUND Da Romeo, Pantai Berawa | Da Roma Restaurant Jl Pantai Berawa No
[53] FOUND Warung Teduh Anyelir, Tabanan | Tarabell Coffee Express Pererenan
[54] FOUND Pizza & Dumplings, Canggu | Lips Pizza Pantai Berawa
[55] NOT FOUND | Warung Minang Saiyo Kerobokan
[56] FOUND Gelato And Dessert RR Sweets, Ja | Rr Sweets Cafe Gelato And Dessert Batu
[57] FOUND Warung Cantik, Gianyar, Buruan | Warung Cantik Reborn Pantai Berawa
[58] FOUND Masonry Restaurant, Batu Bolong | Mason Restaurant Batu Bolong
[59] FOUND Monsieur Spoon, Canggu | Monsieur Spoon Pererenan
[60] FOUND Nikki Sushi, Canggu  Woks, Poke  | Hokkigai Sushi Canggu
[61] FOUND Moxie Cafe, Kerobokan | Moii Cafe Kerobokan
[62] FOUND Feel Food (Potato, Crepes, Pita, | Singa Burger Pererenan
[63] NOT FOUND | Gbo Cafe Kerobokan
[64] FOUND Betutu Warung Cenik | Warung Ayam Betutu Canggu
[65] FOUND Radhika Coconut, Tibubeneng | Soyou Rice Bowl Canggu
[66] NOT FOUND | Warung Dua Putri Pantai Berawa
[67] FOUND Canggu Hype Cafe, Pantai Berawa | Sunny Cafe Canggu Pantai Berawa
[68] FOUND Warung Kenanga Chinese Food, Ber | Warung Napoli Berawa Canggu
[69] FOUND RAW Cafe Canggu | Latif Cafe Kerobokan
[70] FOUND Mr Wu'S - Closed - Redirect To M | Mr Wu S Chinese Asian Fried Rice Dumpl
[71] FOUND Radhika Coconut, Tibubeneng | Rice Bowl Canggu Food Court Tibubeneg 
[72] NOT FOUND | Rin S Kitchen Kerobokan
[73] FOUND Tan-Panama Coffee (Kopi), Vetera | Coffee Pastry Changgui La Pantai Beraw
[74] FOUND Burger Brothers, Ubud | Bb52 Burgers Berawa
[75] FOUND Morning Glory Canggu, Pantai Bat | Peekaboo Pantai Batu Bolong
[76] FOUND RAW Cafe Canggu | Wanderlust Cafe Berawa Canggu
[77] FOUND Chinese Food Dewata - Kerobokan | Dewata Kitchen Kerobokan
[78] FOUND KOBU Coffee, Kerobokan | Kobu Coffee Eatery Kerobokan Kelod
[79] FOUND THE BAKERY, BERAWA | The Bakery Berawa
[80] FOUND Bull's Coffee Canggu, Berawa Tib | Mojitos Canggu Berawa Canggu
[81] FOUND Deli Kitchen Batu Bolong, Canggu | Pepino Pizza Pantai Batu Bolong
[82] NOT FOUND | Belong Kitchen Kerobokan
[83] FOUND The Ganggu Coffee & Eatery (Ex T | Varian Coffee Kerobokan
[84] FOUND Naked Bun, Canggu | The Naked Coconut Pantai Berawa
[85] FOUND Kopi Kenangan, Ruko Canggu Raya  | Gelah Kopi Kerobokan
[86] FOUND Baked, Berawa | Farine Sourdough Bakery Pantai Berawa
[87] FOUND Canggu Hype Cafe, Pantai Berawa | Avenue Cafe Pantai Berawa
[88] NOT FOUND | The Kitchen House Kerobokan
[89] NOT FOUND | Kluarga Kopi Kerobokan
[90] FOUND Cafe Organic Bali, Jalan Petiten | Cafe Organic Bali Umalas
[91] FOUND Ruth's American Desserts & Dinne | Ruth S Cakes Pantai Berawa
[92] FOUND Kitchen Nirvana Life, Health Foo | Nyama Kitchen Pantai Berawa
[93] FOUND Wings To Go Canggu, Berawa's Kit | Panama Kitchen And Pool Pantai Berawa
[94] FOUND Roman Pizza & Pasta, Umalas | Pizza To Go Umalas
[95] FOUND Warung Local - Indonesian Food,  | Warung Varuna Pantai Batu Bolong
[96] FOUND Annapurna Agni Canggu Indian Res | Ice Pasco Babakan Canggu Raya Babakan
[97] FOUND Anita's Pizza, Canggu | Pizza To Go Sebelah Cozy Umalas
[98] FOUND RAW Cafe Canggu | Kassapa Cafe Umalas
[99] FOUND Openhouse Cafe, Canggu | Indonesia Kitchen Pantai Berawa Plambi
[100] FOUND Openhouse Cafe, Canggu | Canggu Cat Cafe
[101] NOT FOUND | Burger Mamabun Kerobokan
[102] FOUND Canggu Hype Cafe, Pantai Berawa | Temu Resto Pantai Berawa
[103] FOUND Conato Bakery | Conato Bakery Canggu
RECOVER DONE
