reviews re-sweep: 367 rows
[1] OK 20 | Warung Local
[2] OK 20 | Milk & Madu Berawa
[3] OK 20 | Cantina Classe Italian Restaurant Cang
[4] OK 20 | La Baracca
[5] OK 1 | Beach Boy Canggu
[6] OK 20 | Rice Republic Canggu
[7] OK 20 | L'Osteria Pizza e Cucina Canggu
[8] OK 20 | Kometosake Berawa
[9] OK 20 | MILU By Nook
[10] OK 20 | Mowies Bali
[11] OK 20 | Warung Nasi Babi Guling Men Agus
[12] OK 20 | 12 Urban Cafe - Breakfast & Dinner | M
[13] OK 5 | Uma Garden Bali
[14] OK 4 | Bali Coffee Club Canggu
[15] OK 20 | Milk & Madu Beach Road
[16] OK 20 | Tony's New York Pizza Canggu
[17] OK 20 | Pizza Fabbrica - Canggu
[18] OK 20 | MILK UP! DAIRY & DELI (Kerobokan)
[19] OK 20 | WOODS PERERENAN
[20] OK 8 | Samadi Kitchen (Padang Linjong)
[21] OK 20 | HoiAn by MeVui
[22] OK 20 | The Meat Emporium
[23] OK 20 | The Bluejay Cafe (Jl Mertasari 31 Kero
[24] OK 20 | Papa Sauce - Tibubeneng
[25] OK 20 | Ettore Gelato (Pantai Pererenan)
[26] OK 16 | Two Face / Coffee & Brunch (Canggu)
[27] OK 20 | Azoria (Batu Mejan)
[28] OK 20 | Soma (Canggu Raya)
[29] OK 5 | Steak nelayan n Bali coffee
[30] OK 20 | Home Cafe Canggu
[31] OK 20 | Urbestea (Pantai Berawa)
[32] OK 11 | DiUber Milkshake Duren (Babakan Sari 1
[33] OK 20 | Lawar Kuwir Men Koko (Canggu)
[34] OK 20 | BOSSMAN Burgers (Canggu)
[35] OK 17 | Capten Nelayan (Green Garden)
[36] OK 20 | Waroeng Lengko (Babakan Ciparay,)
[37] OK 20 | Al Jazeerah Signature Bali, Kuta, Semi
[38] OK 20 | Mie Goreng Ate (Cisaat/Babakan Cibatu)
[39] OK 20 | Babi Guling Swari - Canggu
[40] OK 20 | Pasta Nafisa (Babakan Ciamis)
[41] OK 20 | Nasi Babi Guling Men Lari (Canggu)
[42] OK 7 | Gerai Nelayan 2M (Mentarau)
[43] OK 0 | Resep Coffee (Babakan)
[44] OK 20 | Gedai Ketoprak & Gado-Gado Mama Nasa (
[45] OK 20 | Chicken Shack (Mengwi)
[46] OK 20 | Nasi Kulit Syuurga (Dalung)
[47] OK 20 | Nelayan Seafood NS (MH. Thamrin)
[48] OK 16 | Warung Dedalu
[49] OK 20 | Love Anchor 24 Hour Beer, Wine & Alcoh
[50] OK 0 | Toko Asa Jaya (Pasar Babakan Blok TD 0
[51] OK 20 | Woods (Pererenan)
[52] OK 20 | MONSTA Pizza, Wings & Beer
[53] OK 6 | Nada Kebab (Perum. Dalung Permai)
[54] OK 14 | KHAO Canggu
[55] OK 11 | Haloniko Bali (Pantai Berawa)
[56] OK 20 | Pizza Fabbrica Umalas, Bumbak Dauh
[57] OK 20 | Kinoa Comfort Food Handcrafted Bakery 
[58] OK 20 | Baked Pererenan
[59] OK 20 | Izzi Kitchen Pererenan Wok Pasta Weste
[60] OK 20 | IYO IYO Sushi & Japanese Food, Seminya
[61] OK 20 | Copenhagen Bakery Pererenan Tiyingtuyu
[62] OK 20 | Nasi Ayam Kedewatan Ibu Mangku (Seminy
[63] OK 20 | 7 Am Bakers Pererenan
[64] OK 20 | Milk Honey Bakery Pererenan
[65] OK 6 | Takoyaki Dramaga Hakkan.id (Babakan Te
[66] OK 20 | Mr K Pizza N Burger Station Pantai Ber
[67] OK 20 | Izzi Kitchen Pererenan Seseh Pasta Wok
[68] OK 20 | The Hula Pantai Pererenan
[69] OK 20 | Pasta Bar Bali Berawa Canggu
[70] OK 20 | Ons Waroeng Pantai Berawa
[71] OK 20 | Kitchen By Nirvana Life Jl Pantai Bera
[72] OK 20 | Burgrlink Pantai Berawa
[73] OK 1 | Red Bean Berawa Jl Pantai Berawa Cangg
[74] OK 20 | Og Smash Burger Fries Milkshakes Beef 
[75] OK 20 | Muuse Cheesecake Bakery Pererenan
[76] OK 14 | Bokashi Berawa Canggu
[77] OK 1 | Lusa By Suka Berawa Canggu
[78] OK 20 | Mr Egg Breakfast Burgers Coffee Juice 
[79] OK 20 | Matane Pererenan
[80] OK 20 | Fred S Fried Chicken Burgers Fries San
[81] OK 20 | Sweet 16 Roll Sushi Kerobokan
[82] OK 20 | Sushi Surf Berawa Kerobokan
[83] OK 20 | Og Smash Burger Fries Milkshakes Beef 
[84] OK 0 | Aj S Barrel Bottle Shop Bali Berawa Ca
[85] OK 1 | Twins Sushi Jl Raya Anyar No 14 Kerobo
[86] OK 20 | AAK Warung, Kerobokan
[87] OK 20 | Daeng Burger Umalas
[88] OK 20 | Lucy Lu Asian Bao Buns Dumplings Rice 
[89] OK 20 | Philadelphia Bali Sushi Oyster Kerobok
[90] OK 20 | Red Gunpowder Indian Cuisine Pererenan
[91] OK 2 | Alam Burger Umalas
[92] OK 7 | Machinery Cafe Bali Pantai Batu Bolong
[93] OK 0 | Shouri Sushi Kuta Utara Kerobokan
[94] OK 20 | Art Of Sushi Kerobokan Woks Poke Bowls
[95] OK 20 | Masakan Padang Putri Chaniago Pererena
[96] OK 20 | Art Of Sushi Woks Poke Bowls Kerobokan
[97] OK 20 | Savor Healthy Bistro Pererenan
[98] OK 5 | Bottle Avenue Beer Wine Spirit Pereren
[99] OK 20 | Joon Canggu Jl Raya Babakan Canggu No 
[100] OK 16 | Dharma Coffee Canggu
[101] OK 13 | Coffee Paste By Jibuki Pantai Batu Bol
[102] OK 17 | Dulu Coffee Canggu
[103] OK 20 | Home Pizza Canggu
[104] OK 20 | Nuansa Coffee Canggu
[105] OK 20 | To The Moon Breakfast Pasta Burger Pok
[106] OK 20 | Pizza Dumplings Canggu
[107] OK 15 | Tmnt Pizza Canggu
[108] OK 17 | The Daun Cafe And Coffee Canggu
[109] OK 20 | Warung Satya Canggu
[110] OK 20 | La Pan Nam Warung And Bar Canggu
[111] OK 20 | Buns Salads Batu Bolong
[112] OK 20 | Ejji Coffee Canggu
[113] OK 20 | Koi Pantai Berawa
[114] OK 20 | Warung Canteen Canggu Semat Raya
[115] OK 20 | Te Amo Canggu Pizza Pasta Salad Grill 
[116] OK 1 | Warung Iffa Medina Canggu
[117] OK 13 | Gelato Secrets Pantai Berawa
[118] OK 20 | Kopi Ejji Coffee Corner Canggu
[119] OK 4 | Warung Mdf Mazella Delish Foods Canggu
[120] OK 3 | Warung Mama Padang Linjong Canggu
[121] OK 20 | Warung Dua Hati Healthy Vegan Canggu
[122] OK 20 | Deli Asia Rice Bowl Noodle Salad Bento
[123] OK 20 | Mywarung Berawa Canggu
[124] OK 3 | Ranya Eco Warung Umalas Kerobokan
[125] OK 20 | To The Moon Umalas Kerobokan Kelod Jl 
[126] OK 11 | Bistro C Finns Recreation Club Pantai 
[127] OK 20 | Rise And Shine Umalas
[128] OK 19 | Warung 8 Kerobokan
[129] OK 20 | Butterman Pantai Berawa
[130] OK 0 | Yummy Ricebowl Ricebowl And Fried Rice
[131] OK 20 | Saigon Deli Banh Mi Bao Buns Sandwhich
[132] OK 20 | Eko Cafe Healthy Breakfast Juices Smoo
[133] OK 20 | Cafe Vida Pantai Batu Bolong
[134] OK 2 | Warung Merica Umalas
[135] OK 20 | Warung Italia Umalas I
[136] OK 20 | I Mustache Coffee Canggu Pantai Batu M
[137] OK 11 | 1996 Warung Kerobokan Breakfast Brunch
[138] OK 20 | Dimsum Chika Umalas
[139] OK 19 | Warung 8 Cab Kerobokan
[140] OK 10 | Bean Cafe Pererenan
[141] OK 2 | Beachgarden Bar And Restaurant Batu Bo
[142] OK 20 | Eko Cafe Breakfast Juices Smoothies Bo
[143] OK 20 | Rice Republic Umalas
[144] OK 20 | Warung Muslim Bidadari Kerobokan
[145] OK 0 | Handmade Warung Kerobokan
[146] OK 8 | Surya Gym Cafe Pererenan
[147] OK 20 | Village Cafe Pererenan Tumbak Bayuh
[148] OK 20 | Nude Canggu Pantai Berawa
[149] OK 2 | Scrummy Cafe Bakery Kerobokan
[150] OK 2 | Dega Cafe Pererenan
[151] OK 20 | Ithaka Warung Pantai Batu Bolong
[152] OK 20 | Bread Basket Kerobokan
[153] OK 20 | Front Cafe Pererenan
[154] OK 20 | Warung Bu Mi Pantai Batu Bolong
[155] OK 0 | Ssbc Delicious Food 44 Jalan Raya Batu
[156] OK 20 | Masonry Restaurant Batu Bolong
[157] OK 20 | Nirvana Kitchen Canggu
[158] OK 12 | Shortcut Cafe Canggu Jalan Sempol No 1
[159] OK 5 | Kafe Kayuapi Bakery Kerobokan
[160] OK 0 | Mad Ronin Pantai Batu Bolong
[161] OK 8 | Wid S Kitchen Canggu
[162] OK 2 | Kitchen Delivery Pojok Canggu
[163] OK 9 | Warung Bahtera Kerobokan
[164] OK 20 | Vincent Nigita Patisserie Kerobokan
[165] OK 20 | Warung Surabaya La Kerobokan
[166] OK 1 | Ubi Cilembu H A Kerobokan
[167] OK 20 | Famous Rice Bowl Kerobokan
[168] OK 20 | Goji Goji Vegan Bowl Kerobokan
[169] OK 5 | M Kitchen Canggu Jl Krisna X No 75 Can
[170] OK 20 | Seoul Soul Project Korean Bbq And Chic
[171] OK 20 | Sted Cafe Poke Bowl Pererenan
[172] OK 20 | Deli Kitchen Batu Bolong Canggu
[173] OK 20 | Cook Baker By Aurora Bakery Canggu
[174] OK 20 | Famous Rice Bowl Foodcourt Taman Suar 
[175] OK 7 | Rasa Kitchen Canggu No 80
[176] OK 20 | Burger Bangor Burger Ayam Canggu Raya
[177] OK 6 | The Layers Bakery Eatery Kerobokan
[178] OK 20 | Stuffed Cookies Canggu
[179] OK 20 | Breakfast And Brunch Umalas
[180] OK 20 | Da Roma Restaurant Jl Pantai Berawa No
[181] OK 0 | Cabana Bistro Umalas 1
[182] OK 20 | Da Romeo Pantai Berawa
[183] OK 20 | Milano Pantai Berawa
[184] OK 20 | Prana Kitchen Healthy Food Canggu
[185] OK 20 | Bonito Fish Bar Umalas
[186] OK 20 | Ixora Cakes Breads And Pastries Kerobo
[187] OK 20 | Warung Bu Ryan Kerobokan
[188] OK 4 | Warung D Pererenan Padonan
[189] OK 14 | Pescado Bali Pererenan
[190] OK 20 | Bonito Restaurant Umalas
[191] OK 0 | Warung Nyoman Good Times Mengwi Perere
[192] OK 0 | Warung Ayam Geprek Dan Jank Food Perer
[193] OK 2 | Scrummy Cafe Umalas
[194] OK 3 | Rr Sweets Cafe Gelato And Dessert Batu
[195] OK 0 | The Bun Bakery Kerobokan
[196] OK 20 | Tata Coffee Eatery Pererenan
[197] OK 20 | Rollin Sushi By Sted Pererenan
[198] OK 18 | Shelter Pererenan
[199] OK 6 | Canggu Cafe Pantai Batu Bolong
[200] OK 20 | Vegan Vegetarian Nusantara Rice Bowl C
[201] OK 20 | Veganlicious Vegan Smoothie Bowl And C
[202] OK 6 | Warung D Pererenan Mengwi
[203] OK 20 | Beige Coffee Pererenan Jalan Sempol Pe
[204] OK 20 | Lips Pizza Pantai Berawa
[205] OK 0 | Doma Canggu Jalan Raya Babakan No 5
[206] OK 20 | Dian Cafe Nyibakan Pantai Batu Bolong
[207] OK 4 | Line Up Restaurant And Grill Pererenan
[208] OK 15 | Sushi Fusion Canggu
[209] OK 18 | Hokkigai Sushi Canggu
[210] OK 1 | Warung Nyoman Mengwi Pererenan Jempini
[211] OK 20 | Thailicious Pererenan
[212] OK 20 | Noah Cafe Jalan Pantai Pererenan No 60
[213] OK 5 | Warung Sunshine Berawa
[214] OK 20 | Warung Ayam Betutu Canggu
[215] OK 15 | Tmo Coffee Bali Pererenan Tiying Tutul
[216] OK 20 | Warung Gouthe Pantai Berawa
[217] OK 13 | Barbar Sushi Canggu
[218] OK 20 | Crispy Pizza Canggu
[219] OK 7 | Bucu Cafe Umalas 2
[220] OK 11 | Moii Cafe Kerobokan
[221] OK 20 | Philadelphia Bali Sushi Oyster Canggu
[222] OK 1 | Warung Blackside Jl Raya Babakan Cangg
[223] OK 4 | Auri Family Cafe Kerobokan
[224] OK 20 | Warung Napoli Berawa Canggu
[225] OK 0 | Pizza By Garden Canggu Canggu
[226] OK 20 | Bonza Burger Canggu
[227] OK 14 | Warung Oseng 1 Es Kelapa Muda Pantai B
[228] OK 0 | Warung Jawa Muslim Banyuwangi Pantai B
[229] OK 20 | Okaeri Japanese Restaurant Breakfast A
[230] OK 20 | Pressed Cafe And Mylk Breakfast Lunch 
[231] OK 20 | Sushi And Wok Wok Poke Bowl Japanese C
[232] OK 0 | Warung Cantik Reborn Pantai Berawa
[233] OK 3 | Felice Restaurant Jl Pantai Batu Bolon
[234] OK 20 | Burger Pit Stop Canggu
[235] OK 20 | Bottega Italiana Bali Batu Bolong
[236] OK 20 | 24 Hours Burger Canggu
[237] OK 20 | Mason Restaurant Batu Bolong
[238] OK 8 | Kedai Nyonya Pererenan
[239] OK 20 | Daeng Burger Canggu
[240] OK 20 | Garlic Kitchen Pantai Batu Bolong Raya
[241] OK 8 | Aquaa Cafe Resto Kerobokan
[242] OK 20 | Burgers Anonymous Mengwi Pererenan
[243] OK 20 | Annapurna Canggu Indian Restaurant Jl 
[244] OK 20 | Burger Brother S Pererenan
[245] OK 20 | Tana Cafe Kerobokan Bali
[246] OK 20 | Sunny Smash Burger Fries Burger Milksh
[247] OK 20 | Banh Mi And Beans Batu Bolong
[248] OK 20 | Burger Brothers Berawa Canggu Permai
[249] OK 20 | Og Smash Burger Fries Milkshakes Beef 
[250] OK 9 | Brotzeit Pererenan
[251] OK 20 | Monsieur Spoon Pererenan
[252] OK 20 | Surf Burgers Pererenan
[253] OK 20 | Mie Ayam Bandung Chinese Food Batu Bol
[254] OK 20 | Made S Banana Flour Co Pantai Batu Bol
[255] OK 20 | Super Smashed Burgers Berawa Canggu
[256] OK 20 | Scream Smash Burger Canggu
[257] OK 20 | Warung Varuna Pantai Batu Bolong
[258] OK 20 | Burger Boi Cheese Burgers French Fries
[259] OK 20 | Il Forno Pizzeria Italian Pizza Berawa
[260] OK 20 | 7 Islands Bakery Cafe Pantai Berawa
[261] OK 0 | Sunny Cafe Canggu Pantai Berawa
[262] OK 20 | Unibowl Pokebowl Pererenan
[263] OK 8 | The Bakery Berawa
[264] OK 20 | Warung Kenanga Chinese Food Berawa Can
[265] OK 20 | Island Bagels Coffee Breakfast Wrap Be
[266] OK 20 | Pinkman Pizza Dumplings Berawa
[267] OK 16 | Macan Cafe Pantai Berawa
[268] OK 20 | Canggu Juice Bar Cold Press Coffee Bre
[269] OK 0 | Avenue Cafe Pantai Berawa
[270] OK 20 | Bull S Coffee Canggu Berawa Tibubeneng
[271] OK 20 | Pasta Bitte Canggu Bali Jalan Pantai B
[272] OK 12 | Darna Middle Eastern Cuisine Canggu Be
[273] OK 20 | Oka S Bakery Cafe Healthy Pantai Batu 
[274] OK 20 | Baro Bakery Canggu
[275] OK 12 | Beer Me Up Balinese Cocktail Premium D
[276] OK 3 | Siwoo Cafe Eatery Pantai Berawa
[277] OK 15 | Warung Banyuwangi Rasa Cak Nanang Kuta
[278] OK 0 | Canggu Hype Cafe Pantai Berawa
[279] OK 6 | Cocomo Canggu Pantai Batu Bolong
[280] OK 4 | Dod S Burger Pantai Batu Bolong
[281] OK 20 | Coffee Pastry Changgui La Pantai Beraw
[282] OK 3 | Lumos Coffee Kitchen Pantai Berawa
[283] OK 1 | One Eyed Jack Pantai Berawa
[284] OK 20 | Pizza Gastronomic Pantai Batu Bolong
[285] OK 17 | Ink Sushi Japanese Comfort Eats Pantai
[286] OK 20 | The Room Sushi Roll Salad Poke Bowl Ba
[287] OK 20 | Deli Kitchen Babakan Kubu
[288] OK 3 | Warung Leluhur Babakan Canggu
[289] OK 20 | Vedic Kitchen Kerobokan
[290] OK 6 | Dewata Kitchen Kerobokan
[291] OK 20 | Wings To Go Canggu Berawa S Kitchen Ca
[292] OK 7 | Dim Sum House Pantai Berawa
[293] OK 20 | G Sushi Ramen European Japanese Berawa
[294] OK 20 | Sate Padang Canggu Didepan Berawa Kitc
[295] OK 20 | Nude Cafe Babakan Babakan Canggu
[296] OK 6 | Waroenk D Kitchen Kerobokan
[297] OK 1 | Warlok Berawa Canggu
[298] OK 20 | Tygr Sushi Pantai Berawa
[299] OK 20 | Sixtynine Kitchen Kerobokan
[300] OK 7 | Sushi Express Canggu
[301] OK 20 | 28Kitchen Kerobokan
[302] OK 20 | The Cure Vegan Health Kitchen Canggu B
[303] OK 20 | Tygr Sushi Canggu
[304] OK 20 | Gelah Kopi Kerobokan
[305] OK 8 | Roll Sushi Canggu
[306] OK 14 | Thai Indo Kitchen Berawa S Kitchen
[307] OK 20 | Izzi Kitchen Kerobokan Pasta Wok Asian
[308] OK 20 | Il Forno Pizzeria Italian Pizza Batu B
[309] OK 6 | Sanhose Coffee Bites Kerobokan
[310] OK 20 | Tonys New York Pizza Umalas
[311] OK 20 | Shy Guy Asian Restaurant Umalas
[312] OK 20 | The Naked Coconut Pantai Berawa
[313] OK 5 | Lolita Bali Jln Bumbak Umalas Canggu
[314] OK 20 | Masakan Padang Bungo Minang Pantai Ber
[315] OK 0 | Kobu Coffee Kerobokan
[316] OK 20 | 25 Pm Coffee Kerobokan
[317] OK 6 | Varian Coffee Kerobokan
[318] OK 20 | Pizza Hut Delivery Phd Kerobokan
[319] OK 0 | Kobu Coffee Eatery Kerobokan Kelod
[320] OK 20 | Ice Pasco Babakan Canggu Raya Babakan
[321] OK 20 | Pizza To Go Umalas
[322] OK 12 | Pizza To Go Sebelah Cozy Umalas
[323] OK 12 | Beer E Pizza Pantai Pererenan
[324] OK 20 | Bean Cafe Canggu Padang Linjong
[325] OK 20 | The Plumbers Arms Kerobokan
[326] OK 20 | La Pizzetta Kerobokan
[327] OK 18 | Nikki Sushi Canggu
[328] OK 20 | Rice Bowl Nusantara Vegetarian Vegan N
[329] OK 20 | Doughboys Pizza Jl Pantai Pererenan
[330] OK 20 | Stuja Coffee Bali Kerobokan
[331] OK 5 | Booze Bottle Service And Pizza Gang Ma
[332] OK 20 | Margarita Pizza Coffee And Bar Mengwi 
[333] OK 20 | Famous Rice Bowl And Poke Bowl Berawa 
[334] OK 20 | Roman Pizza Pasta Umalas
[335] OK 20 | Revolver All Day Cafe Canggu
[336] OK 20 | Mr K Pizza N Burger Station Kerobokan
[337] OK 6 | Baro Pizzeria Jl Pantai Pererenan
[338] OK 20 | Roastill Coffee Umalas
[339] OK 20 | La Bussola Italian Resto Pizza And Pas
[340] OK 20 | Fuji Japanese Restaurant Kerobokan
[341] OK 20 | Naughty Nuri S Warung Kerobokan
[342] OK 20 | Burger Brother S Kerobokan
[343] OK 3 | Burger Delight Kerobokan
[344] OK 20 | Casa Eatalia Pasta Authentic Italian D
[345] OK 8 | Warung Oren Beer Vodka Captain Morgan 
[346] OK 14 | Squeeze Savor Juice Smoothie Coffee Um
[347] OK 13 | Bottega Italiana Pererenan
[348] OK 20 | Xich Lo Warung Vietnam Kerobokan
[349] OK 0 | Yuya House Coffee And Bakery Umalas
[350] OK 0 | Warung Oren French Fries Jl Babakan 61
[351] OK 20 | Victory Smash Burger Jl Raya Canggu Ke
[352] OK 0 | 34 Island S Coffee And Snack Umalas
[353] OK 20 | The Bench Burgers Fried Chicken Wings 
[354] OK 3 | Must Burger Jalan Raya Kerobokan
[355] OK 2 | Cafe Organic Bali Umalas
[356] OK 10 | The Sweet Escape Bakery Canggu
[357] OK 5 | Amouage Kerobokan Russian Arabic Halal
[358] OK 13 | Burger Boy Kerobokan
[359] OK 7 | Conato Bakery Canggu
[360] OK 20 | Mie And More Pantai Batu Bolong
[361] OK 19 | Mad Ronin Ramen Canggu Jl Pantai Batu 
[362] OK 20 | Bakers Corner Canggu
[363] OK 20 | Fold Artisan Bakery Canggu
[364] OK 20 | Filadelfia Bali Sushi Kerobokan
[365] OK 12 | Svaha Burger Babakan Canggu
[366] OK 20 | Neng S Kebab And Burger Babakan Canggu
[367] OK 20 | Bali Buda Kerobokan
RESWEEP DONE
