parallel sweep: 48 targets, 6 workers
[14] OK | Ettore Gelato, Pantai Pererenan
[15] OK | BOSSMAN Burgers, Canggu
[16] OK | Nasi Ayam Kedewatan Ibu Mangku, Seminyak
[17] OK | Nasi Babi Guling Men Lari, Canggu
[18] OK | Bali Coffee Club Canggu, Kubu Manyar
[18] FAIL | https://gofood.co.id/bali/restaurant/pel
[18] FAIL | https://gofood.co.id/bali/restaurant/pit
[18] FAIL | https://gofood.co.id/bali/restaurant/sen
[18] FAIL | https://gofood.co.id/bali/restaurant/bil
[18] FAIL | https://gofood.co.id/bali/restaurant/sus
[19] OK | Nasi Kulit Syuurga, Dalung
[20] OK | The Bluejay Cafe, Jl Mertasari 31 Kerobokan
[21] OK | Samadi Bali, Padang Linjong
[22] OK | Tony's New York Pizza, Canggu
[23] OK | Urbestea, Bubble Tea, Smoothies, Bima Sena
[24] OK | Woods, Pererenan
[25] OK | Diuber Milkshake Duren, Sarijadi Bdg
[26] OK | Two Face / Coffee & Brunch, Canggu
[27] OK | Resep Coffee, Babakan
[28] OK | Waroeng Lengko, Babakan Ciparay,
[29] OK | Soma Cafe - Health and Fitness Food, Canggu
[30] OK | Pizza Fabbrica, Canggu
[31] OK | Pasta Nafisa, Babakan Ciamis
[32] OK | Warung Local - Indonesian Food, Pantai Batu Bolong
[33] OK | Papa Sauce, Berawa
[34] OK | Mie Goreng Ate, Cisaat/Babakan Cibatu
[34] FAIL | https://gofood.co.id/en/bali/restaurant/
[35] OK | Gerai Nelayan 2M, Mentarau
[36] OK | Warung Dedalu
[37] OK | The Common, Canggu
[37] FAIL | https://gofood.co.id/en/bali/restaurant/
[38] OK | Chicken Shack, Mengwi
[39] OK | Babi Guling Swari, Canggu
[40] OK | IYO IYO Sushi  Japanese Food, Gatsu Barat, Denpasa
[41] OK | Dop Ice Cream, Dessert Bar, Pantai Batu Mejan
[41] OK | Papa Sauce, Berawa
[41] FAIL | https://gofood.co.id/id/bali/restaurant/
[41] OK | Warung Local - Indonesian Food, Pantai Batu Bolong
[42] OK | Wings, Canggu
[43] OK | Gedai Ketoprak & Gado-Gado Mama Nasa, Kp. Babakan Binong
[43] FAIL | https://gofood.co.id/id/bali/restaurant/
[44] OK | Nelayan Seafood NS, MH. Thamrin
[44] FAIL | https://gofood.co.id/id/bali/restaurant/
[45] OK | Pizza Fabbrica Umalas, Bumbak Dauh
[45] FAIL | https://gofood.co.id/jakarta/restaurant/
[45] FAIL | https://gofood.co.id/medan/restaurant/ne
[46] OK | Takoyaki Pasar Jambu Dua Hakkan.id, Kota Bogor
[47] OK | Toko Asa Jaya, Pasar Babakan Blok TD 06
SWEEP DONE
Built: 1143 rows, 47 GoFood ratings, 46 review sets merged.
Built: 1143 rows, 47 GoFood ratings, 46 review sets merged.
